I'm sorry, but errors were detected in your script. Please correct the
errors listed below, and try again.


File "game/script.rpy", line 35: expected 'image_name_component' not found.
    show "images/sprites/failed_paper.png"
         ^

Ren'Py Version: Ren'Py 8.3.2.24090902
Fri Sep 20 23:48:59 2024
